// Vitest Snapshot v1, https://vitest.dev/guide/snapshot.html

exports[`buildPlan — golden snapshot (seeded) > produces stable result.days with seed 123456 1`] = `
[
  {
    "effectiveMood": "rutina",
    "meals": [
      {
        "_spec": {
          "recomposable": false,
        },
        "emoji": "🌅",
        "metadata": {
          "facilidad": "media",
          "familiar": true,
          "tiempo": 10,
        },
        "p1": "1 rebanada pan integral (60g) tostada · ½ aguacate maduro chafado",
        "p2": "1 huevo poché · sal, pimienta y limón · Café",
        "recipe": [
          "Tuesta el pan.",
          "Chafa el aguacate con limón y sal.",
          "Para el huevo poché: hierve agua con un chorrito de vinagre, crea un remolino y cuece el huevo 3 min.",
          "Extiende el aguacate sobre la tostada.",
          "Coloca el huevo encima.",
        ],
        "shopping": [
          "Pan integral (60g)",
          "Aguacate (1 ud)",
          "Huevos (1 ud)",
          "Limón (½)",
          "Sal y pimienta",
        ],
        "time": "Desayuno",
        "title": "Tostada con aguacate y huevo poché",
      },
      {
        "_spec": {
          "C": "boniato",
          "P": "pollo",
          "S": "pimenton_ajo",
          "V": "calabacin",
          "cookM": "horno",
          "density": "media",
          "facil": false,
          "familiar": false,
          "plateType": "bowl",
          "slot": "Comida",
          "tmpl": "bowl",
        },
        "emoji": "☀️",
        "metadata": {
          "comfort": false,
          "facilidad": "media",
          "familiar": true,
          "plateType": "bowl",
          "proteinG": 68,
          "saciedad": "alta",
          "tiempo": 35,
        },
        "p1": "Pechuga de pollo (220g) asado al horno, pimentón ahumado y ajo",
        "p2": "Boniato (220g g) de base · Calabacín (250g) a la plancha 4 min por lado, o al horno 20 min a 200°C · 15ml AOVE",
        "recipe": [
          "Boniato: hornear a 200°C — 35 min.",
          "Sazona pechuga de pollo con pimentón ahumado y ajo y deja reposar 5 min.",
          "Pechuga de pollo: Hornea a 200°C unos 20-25 min.",
          "Calabacín: a la plancha 4 min por lado, o al horno 20 min a 200°C.",
          "Sirve inmediatamente. Puedes preparar el boniato con antelación la noche anterior.",
        ],
        "shopping": [
          "Pechuga de pollo (220g)",
          "Boniato (220g)",
          "Calabacín (250g)",
          "pimentón ahumado (condimento)",
          "AOVE",
          "Sal y especias básicas",
        ],
        "slotNote": "⚖️ Lunes de rutina — empieza la semana ordenado.",
        "time": "Comida",
        "title": "Bowl proteico de pechuga de pollo con boniato",
      },
      {
        "_spec": {
          "C": null,
          "P": "atun",
          "S": "vinagreta",
          "V": "tomate",
          "cookM": "crudo",
          "density": "baja",
          "plateType": "ensalada",
          "saciante": false,
          "slot": "Cena",
          "tmpl": "caliente_clasico",
        },
        "emoji": "🌙",
        "metadata": {
          "comfort": false,
          "facilidad": "alta",
          "familiar": true,
          "plateType": "ensalada",
          "proteinG": 41,
          "saciedad": "media",
          "tiempo": 10,
        },
        "p1": "Atún en conserva (150g) servido crudo con vinagre de Módena y mostaza · 15ml de aceite de oliva virgen extra",
        "p2": "  · Tomate cherry (190g) crudo, o confitado al horno 30 min a 160°C",
        "recipe": [
          "Aliña atún en conserva con vinagre de Módena y mostaza y deja macerar 10 min.",
          "Atún en conserva: Escurre y reserva.",
          "Tomate cherry: crudo, o confitado al horno 30 min a 160°C.",
          "Sirve inmediatamente. Puedes preparar los ingredientes la noche anterior.",
        ],
        "shopping": [
          "Atún en conserva (150g)",
          "Tomate cherry (190g)",
          "vinagre de Módena (condimento)",
          "AOVE",
          "Sal y especias básicas",
        ],
        "time": "Cena",
        "title": "Atún en conserva a la plancha en vinagreta con tomate cherry",
      },
    ],
    "mood": "rutina",
    "name": "Lunes",
    "shakeEnabled": false,
    "special": null,
  },
  {
    "effectiveMood": "ligero",
    "meals": [
      {
        "_spec": {
          "recomposable": false,
        },
        "emoji": "🌅",
        "metadata": {
          "facilidad": "alta",
          "familiar": true,
          "tiempo": 2,
        },
        "p1": "Avena (55g) + yogur griego 0% (125g) + 100g fruta de temporada + 20g pistachos · preparar noche anterior",
        "p2": "Canela · Café o té",
        "recipe": [
          "Noche anterior: mezcla avena y yogur en bote.",
          "Trocea la fruta y añade encima.",
          "Tapa y refrigera 8h mínimo.",
          "Por la mañana añade pistachos y canela.",
          "Consume frío.",
        ],
        "shopping": [
          "Avena (55g)",
          "Yogur griego 0% (125g)",
          "Fruta de temporada (100g)",
          "Pistachos (20g)",
          "Canela",
        ],
        "time": "Desayuno",
        "title": "Avena overnight con fruta y pistachos",
      },
      {
        "_spec": {
          "C": null,
          "P": "atun",
          "S": "vinagreta",
          "V": "lechuga",
          "V2": "tomate",
          "cookM": "crudo",
          "density": "baja",
          "facil": true,
          "familiar": true,
          "plateType": "ensalada",
          "slot": "Comida",
          "tmpl": "ensalada",
        },
        "emoji": "☀️",
        "metadata": {
          "comfort": false,
          "facilidad": "alta",
          "familiar": true,
          "plateType": "ensalada",
          "proteinG": 41,
          "saciedad": "media",
          "tiempo": 10,
        },
        "p1": "Atún en conserva (150g) · Lechuga mixta (125g) + Tomate cherry (190g) · vinagre de Módena y mostaza",
        "p2": "Tomate cherry (190g) · 20ml AOVE + vinagre de Módena · sal",
        "recipe": [
          "Aliña atún en conserva con vinagre de Módena y mostaza y deja macerar 10 min.",
          "Atún en conserva: Escurre y reserva.",
          "Lechuga mixta: cruda con vinagreta.",
          "Tomate cherry: crudo, o confitado al horno 30 min a 160°C.",
          "Sirve inmediatamente. Puedes preparar los ingredientes la noche anterior.",
        ],
        "shopping": [
          "Atún en conserva (150g)",
          "Lechuga mixta (125g)",
          "Tomate cherry (190g)",
          "vinagre de Módena (condimento)",
          "AOVE",
          "Sal y especias básicas",
        ],
        "slotNote": "🐟 Martes de pescado — dos veces a la semana, como siempre.",
        "time": "Comida",
        "title": "Atún en conserva en ensalada",
      },
      {
        "_spec": {
          "C": null,
          "P": "calamares",
          "S": "ajillo",
          "V": "pimientos",
          "cookM": "plancha",
          "density": "baja",
          "plateType": "plancha_verdura",
          "saciante": false,
          "slot": "Cena",
          "tmpl": "caliente_clasico",
        },
        "emoji": "🌙",
        "metadata": {
          "comfort": false,
          "facilidad": "alta",
          "familiar": true,
          "plateType": "plancha_verdura",
          "proteinG": 33,
          "saciedad": "media",
          "tiempo": 10,
        },
        "p1": "Calamares (220g) a la plancha con ajo, perejil y guindilla · aliñado con 15ml de AOVE",
        "p2": "  · Pimientos (190g) asados al horno 25 min a 200°C, o salteados al wok 6 min",
        "recipe": [
          "Aliña calamares con ajo, perejil y guindilla antes de cocinar.",
          "Calamares: Cocina a fuego vivo 3-4 min por lado.",
          "Pimientos: asados al horno 25 min a 200°C, o salteados al wok 6 min.",
          "Sirve inmediatamente. Puedes preparar los ingredientes la noche anterior.",
        ],
        "shopping": [
          "Calamares (220g)",
          "Pimientos (190g)",
          "ajo, perejil (condimento)",
          "AOVE",
          "Sal y especias básicas",
        ],
        "time": "Cena",
        "title": "Calamares a la plancha con alioli",
      },
    ],
    "mood": "ligero",
    "name": "Martes",
    "shakeEnabled": false,
    "special": null,
  },
  {
    "effectiveMood": "fuerza",
    "meals": [
      {
        "_spec": {
          "recomposable": false,
        },
        "emoji": "🌅",
        "metadata": {
          "facilidad": "alta",
          "familiar": true,
          "tiempo": 4,
        },
        "p1": "2 tostadas pan de centeno (60g) · 60g salmón ahumado",
        "p2": "30g queso crema light · alcaparras · eneldo · Café o té",
        "recipe": [
          "Tuesta el pan ligeramente.",
          "Extiende el queso crema.",
          "Coloca el salmón encima.",
          "Añade alcaparras y eneldo.",
          "Sirve inmediatamente.",
        ],
        "shopping": [
          "Pan de centeno (60g)",
          "Salmón ahumado (60g)",
          "Queso crema light (30g)",
          "Alcaparras",
          "Eneldo",
        ],
        "time": "Desayuno",
        "title": "Tostada con salmón ahumado y queso",
      },
      {
        "_spec": {
          "C": "arroz",
          "P": "conejo",
          "S": "ajillo",
          "V": "zanahoria",
          "cookM": "guisado",
          "density": "media",
          "facil": false,
          "familiar": true,
          "plateType": "caliente_arroz",
          "slot": "Comida",
          "tmpl": "caliente_clasico",
        },
        "emoji": "☀️",
        "metadata": {
          "comfort": false,
          "facilidad": "media",
          "familiar": true,
          "plateType": "caliente_arroz",
          "proteinG": 46,
          "saciedad": "media",
          "tiempo": 25,
        },
        "p1": "Conejo (220g) estofado con ajo, perejil y guindilla · un chorrito de AOVE (15ml)",
        "p2": "Arroz blanco (80g g seco) — cocer en agua con sal · Zanahoria (190g) rallada cruda, o al vapor 10 min",
        "recipe": [
          "Arroz blanco: cocer en agua con sal — 18 min.",
          "Incorpora ajo, perejil y guindilla al guiso de conejo.",
          "Conejo: Cuece a fuego suave 25-30 min con caldo.",
          "Zanahoria: rallada cruda, o al vapor 10 min.",
          "Sirve inmediatamente. Puedes preparar el arroz blanco con antelación la noche anterior.",
        ],
        "shopping": [
          "Conejo (220g)",
          "Arroz blanco (80g)",
          "Zanahoria (190g)",
          "ajo, perejil (condimento)",
          "AOVE",
          "Sal y especias básicas",
        ],
        "slotNote": "✨ Día sorpresa — el plan se ha salido un poco del guión. Así la semana no se vuelve predecible.",
        "time": "Comida",
        "title": "Conejo al ajillo",
        "wildcard": true,
      },
      {
        "_spec": {
          "C": "patata",
          "P": "cerdo",
          "S": "mostaza_miel",
          "V": "coles",
          "cookM": "horno",
          "density": "media",
          "plateType": "caliente_patata",
          "saciante": true,
          "slot": "Cena",
          "tmpl": "caliente_clasico",
        },
        "emoji": "🌙",
        "metadata": {
          "comfort": false,
          "facilidad": "media",
          "familiar": false,
          "plateType": "caliente_patata",
          "proteinG": 44,
          "saciedad": "alta",
          "tiempo": 25,
        },
        "p1": "Lomo de cerdo (200g) asado al horno, mostaza y miel · 15ml AOVE",
        "p2": "Patata (200g g) — cocer con piel 25 min en agua con sal · Col de Bruselas (225g) al horno 25 min a 200°C con AOVE y sal",
        "recipe": [
          "Patata: cocer con piel 25 min en agua con sal — 25 min.",
          "Sazona lomo de cerdo con mostaza y miel y deja reposar 5 min.",
          "Lomo de cerdo: Hornea a 200°C unos 20-25 min.",
          "Col de Bruselas: al horno 25 min a 200°C con AOVE y sal.",
          "Sirve inmediatamente. Puedes preparar el patata con antelación la noche anterior.",
        ],
        "shopping": [
          "Lomo de cerdo (200g)",
          "Patata (200g)",
          "Col de Bruselas (225g)",
          "mostaza (condimento)",
          "AOVE",
          "Sal y especias básicas",
        ],
        "time": "Cena",
        "title": "Solomillo de cerdo con mostaza y miel",
      },
    ],
    "mood": "fuerza",
    "name": "Miércoles",
    "shakeEnabled": false,
    "special": null,
  },
  {
    "effectiveMood": "fibra",
    "meals": [
      {
        "_spec": {
          "recomposable": false,
        },
        "emoji": "🌅",
        "metadata": {
          "facilidad": "alta",
          "familiar": true,
          "tiempo": 5,
        },
        "p1": "2 rebanadas pan de centeno (60g) · tomate rallado (70g) · AOVE",
        "p2": "2 lonchas jamón serrano (40g) · yogur griego 0% (125g)",
        "recipe": [
          "Tuesta el pan.",
          "Ralla el tomate maduro encima.",
          "Añade AOVE y sal.",
          "Coloca el jamón.",
          "Sirve el yogur aparte.",
        ],
        "shopping": [
          "Pan de centeno (60g)",
          "Tomate maduro (1 ud)",
          "Jamón serrano (40g)",
          "Yogur griego 0% (125g)",
          "AOVE",
        ],
        "time": "Desayuno",
        "title": "Tostadas con tomate y jamón",
      },
      {
        "_spec": {
          "C": null,
          "P": "garbanzos",
          "S": "curry_ligero",
          "V": "berenjena",
          "cookM": "salteado",
          "density": "baja",
          "facil": true,
          "familiar": false,
          "plateType": "legumbre",
          "slot": "Comida",
          "tmpl": "legumbre",
        },
        "emoji": "☀️",
        "metadata": {
          "comfort": true,
          "facilidad": "media",
          "familiar": true,
          "plateType": "legumbre",
          "proteinG": 23,
          "saciedad": "media",
          "tiempo": 10,
        },
        "p1": "Garbanzos (120g) con curry y cúrcuma · caldo de verduras",
        "p2": "Berenjena (250g) añadida · sal, comino · 15ml AOVE",
        "recipe": [
          "Garbanzos: cocer a fuego suave 30-35 min con caldo, laurel y sal. Incorporar sofrito de ajo, curry y cúrcuma y AOVE al final.",
          "Berenjena: a la plancha 4 min por lado, o al horno 25 min a 200°C.",
          "Sirve inmediatamente. Puedes preparar los ingredientes la noche anterior.",
        ],
        "shopping": [
          "Garbanzos (120g)",
          "Berenjena (250g)",
          "curry (condimento)",
          "AOVE",
          "Sal y especias básicas",
        ],
        "slotNote": "🫘 Jueves de legumbre — fibra y proteína vegetal.",
        "time": "Comida",
        "title": "Garbanzos al curry con berenjena",
      },
      {
        "_spec": {
          "C": null,
          "P": "huevo",
          "S": "pimenton_ajo",
          "V": "zanahoria",
          "cookM": "tortilla",
          "density": "media",
          "plateType": "huevo_plancha",
          "saciante": true,
          "slot": "Cena",
          "tmpl": "caliente_clasico",
        },
        "emoji": "🌙",
        "metadata": {
          "comfort": false,
          "facilidad": "alta",
          "familiar": true,
          "plateType": "huevo_plancha",
          "proteinG": 18,
          "saciedad": "media",
          "tiempo": 10,
        },
        "p1": "3 ud Huevos en tortilla con pimentón ahumado y ajo · 15ml de aceite de oliva virgen extra",
        "p2": "  · Zanahoria (190g) rallada cruda, o al vapor 10 min",
        "recipe": [
          "Mezcla huevos con pimentón ahumado y ajo antes de cuajar.",
          "Huevos: Cuaja a fuego medio 3-4 min por lado.",
          "Zanahoria: rallada cruda, o al vapor 10 min.",
          "Sirve inmediatamente. Puedes preparar los ingredientes la noche anterior.",
        ],
        "shopping": [
          "Huevos (3 ud)",
          "Zanahoria (190g)",
          "pimentón ahumado (condimento)",
          "AOVE",
          "Sal y especias básicas",
        ],
        "time": "Cena",
        "title": "Tortilla de zanahoria",
      },
    ],
    "mood": "fibra",
    "name": "Jueves",
    "shakeEnabled": false,
    "special": null,
  },
  {
    "effectiveMood": "rapido",
    "meals": [
      {
        "_spec": {
          "recomposable": false,
        },
        "emoji": "🌅",
        "metadata": {
          "facilidad": "alta",
          "familiar": false,
          "tiempo": 3,
        },
        "p1": "250ml leche o bebida vegetal · 1 plátano maduro · 150g yogur griego 0% (125g)",
        "p2": "1 cda mantequilla de cacahuete · canela · Café o té",
        "recipe": [
          "Pon todos los ingredientes en el vaso de la batidora.",
          "Tritura hasta obtener una mezcla homogénea.",
          "Sirve frío inmediatamente.",
          "Puedes añadir hielo si lo prefieres más fresco.",
        ],
        "shopping": [
          "Leche o bebida vegetal (250ml)",
          "Plátano (1 ud)",
          "Yogur griego 0% (150g)",
          "Mantequilla de cacahuete (15g)",
        ],
        "time": "Desayuno",
        "title": "Batido proteico con plátano",
      },
      {
        "_spec": {
          "C": "boniato",
          "P": "salmon",
          "S": "limon_hierbas",
          "V": "espinacas",
          "cookM": "horno",
          "density": "media",
          "facil": true,
          "familiar": true,
          "plateType": "caliente_boniato",
          "slot": "Comida",
          "tmpl": "caliente_clasico",
        },
        "emoji": "☀️",
        "metadata": {
          "comfort": false,
          "facilidad": "media",
          "familiar": true,
          "plateType": "caliente_boniato",
          "proteinG": 44,
          "saciedad": "alta",
          "tiempo": 35,
        },
        "p1": "Salmón (220g) asado al horno, limón, orégano y ajo · aliñado con 15ml de AOVE",
        "p2": "Boniato (220g g) — hornear a 200°C · Espinacas (190g) salteadas con ajo 3 min",
        "recipe": [
          "Boniato: hornear a 200°C — 35 min.",
          "Sazona salmón con limón, orégano y ajo y deja reposar 5 min.",
          "Salmón: Hornea a 200°C unos 20-25 min.",
          "Espinacas: salteadas con ajo 3 min.",
          "Sirve inmediatamente. Puedes preparar el boniato con antelación la noche anterior.",
        ],
        "shopping": [
          "Salmón (220g)",
          "Boniato (220g)",
          "Espinacas (190g)",
          "limón, orégano (condimento)",
          "AOVE",
          "Sal y especias básicas",
        ],
        "slotNote": "🍵 Viernes de sopa — terminas la semana sin sensación de pesadez.",
        "time": "Comida",
        "title": "Salmón al horno con limón y eneldo",
      },
      {
        "_spec": {
          "C": null,
          "P": "pollo",
          "V": "zanahoria",
          "V2": "calabacin",
          "cookM": "guisado",
          "density": "baja",
          "plateType": "sopa_crema",
          "saciante": true,
          "slot": "Cena",
          "tmpl": "sopa_crema",
        },
        "emoji": "🌙",
        "metadata": {
          "comfort": true,
          "facilidad": "alta",
          "familiar": true,
          "plateType": "sopa_crema",
          "proteinG": 68,
          "saciedad": "alta",
          "tiempo": 10,
        },
        "p1": "190g de zanahoria y 250g calabacín, caldo y cebolla · 15ml AOVE",
        "p2": "+ Pechuga de pollo (220g) guisado encima · sal y pimienta",
        "recipe": [
          "Pechuga de pollo: Cuece a fuego suave 25-30 min con caldo.",
          "Sofríe cebolla picada con AOVE a fuego medio 5 min.",
          "Añade zanahoria troceado y calabacín y cubre con caldo.",
          "Cuece tapado a fuego suave 20 min.",
          "Tritura con batidora hasta textura suave. Ajusta de sal.",
          "Sirve la crema y coloca pechuga de pollo guisado encima.",
          "Sirve inmediatamente. Puedes preparar los ingredientes la noche anterior.",
        ],
        "shopping": [
          "Pechuga de pollo (220g)",
          "Zanahoria (190g)",
          "Calabacín (250g)",
          "AOVE",
          "Sal y especias básicas",
        ],
        "time": "Cena",
        "title": "Crema de zanahoria y calabacín · pechuga de pollo encima",
      },
    ],
    "mood": "suave",
    "name": "Viernes",
    "shakeEnabled": false,
    "special": null,
  },
  {
    "effectiveMood": "libre",
    "meals": [
      {
        "_spec": {
          "recomposable": false,
        },
        "emoji": "🌅",
        "metadata": {
          "facilidad": "media",
          "familiar": true,
          "tiempo": 12,
        },
        "p1": "Avena (60g) + 1 plátano + 2 huevos · triturado y cocinado",
        "p2": "yogur griego 0% (125g) · 1 cda miel · Café",
        "recipe": [
          "Tritura avena, plátano y huevos hasta masa homogénea.",
          "Calienta sartén antiadherente a fuego medio con unas gotas AOVE.",
          "Vierte círculos de masa y cocina 2 min por lado.",
          "Sirve con yogur y miel.",
          "Puedes preparar la masa la noche anterior.",
        ],
        "shopping": [
          "Avena (60g)",
          "Plátano (1 ud)",
          "Huevos (2 ud)",
          "Yogur griego 0% (125g)",
          "Miel (1 cda)",
        ],
        "time": "Desayuno",
        "title": "Tortitas de avena y plátano",
      },
      {
        "_spec": {
          "isFree": true,
          "recomposable": false,
        },
        "emoji": "🎉",
        "metadata": {
          "facilidad": "alta",
          "familiar": true,
          "tiempo": 0,
        },
        "p1": "Hoy comes lo que más te apetezca — es parte del plan, no una trampa.",
        "p2": "Intenta terminar cuando estés satisfecho, no lleno.",
        "recipe": [
          "Disfruta sin culpa.",
          "La flexibilidad integrada mejora la adherencia a largo plazo.",
          "Vuelves al plan mañana sin dramas.",
        ],
        "shopping": [
          "Lo que tú elijas hoy",
        ],
        "time": "Comida",
        "title": "Comida libre 🎉",
      },
      {
        "_spec": {
          "C": "boniato",
          "P": "ternera",
          "S": "pimenton_ajo",
          "V": "brocoli",
          "cookM": "horno",
          "density": "media",
          "plateType": "caliente_arroz",
          "saciante": true,
          "slot": "Cena",
          "tmpl": "caliente_clasico",
        },
        "emoji": "🌙",
        "metadata": {
          "comfort": false,
          "facilidad": "media",
          "familiar": true,
          "plateType": "caliente_arroz",
          "proteinG": 52,
          "saciedad": "alta",
          "tiempo": 35,
        },
        "p1": "Ternera magra (200g) al horno con pimentón ahumado y ajo · un chorrito de AOVE (15ml)",
        "p2": "Boniato (220g g) — hornear a 200°C · Brócoli (250g) al vapor 8 min o salteado",
        "recipe": [
          "Boniato: hornear a 200°C — 35 min.",
          "Sazona ternera magra con pimentón ahumado y ajo y deja reposar 5 min.",
          "Ternera magra: Hornea a 200°C unos 20-25 min.",
          "Brócoli: al vapor 8 min o salteado.",
          "Sirve inmediatamente. Puedes preparar el boniato con antelación la noche anterior.",
        ],
        "shopping": [
          "Ternera magra (200g)",
          "Boniato (220g)",
          "Brócoli (250g)",
          "pimentón ahumado (condimento)",
          "AOVE",
          "Sal y especias básicas",
        ],
        "time": "Cena",
        "title": "Ternera magra al horno con pimentón con brócoli y boniato",
      },
    ],
    "mood": "libre",
    "name": "Sábado",
    "shakeEnabled": false,
    "special": "libre",
  },
  {
    "effectiveMood": "reconfortante",
    "meals": [
      {
        "_spec": {
          "recomposable": false,
        },
        "emoji": "🌅",
        "metadata": {
          "facilidad": "alta",
          "familiar": true,
          "tiempo": 8,
        },
        "p1": "Avena (55g) cocida con 180ml leche semidesnatada · 100g fresas · 20g nueces",
        "p2": "yogur griego 0% (125g) · canela · Café o té",
        "recipe": [
          "Calienta la leche a fuego medio.",
          "Añade la avena y remueve 5 min.",
          "Trocea las fresas, añádelas encima.",
          "Añade las nueces.",
          "Sirve con el yogur aparte y canela.",
        ],
        "shopping": [
          "Avena (55g)",
          "Leche o bebida vegetal (200ml)",
          "Fresas (100g)",
          "Nueces (20g)",
          "Yogur griego 0% (125g)",
          "Canela",
        ],
        "time": "Desayuno",
        "title": "Avena caliente con fresas y nueces",
      },
      {
        "_spec": {
          "C": "pasta",
          "P": "ternera",
          "S": "tomate_casero",
          "V": "calabacin",
          "cookM": "salteado",
          "density": "alta",
          "facil": false,
          "familiar": true,
          "plateType": "pasta",
          "slot": "Comida",
          "tmpl": "pasta",
        },
        "emoji": "☀️",
        "metadata": {
          "comfort": false,
          "facilidad": "media",
          "familiar": true,
          "plateType": "pasta",
          "proteinG": 52,
          "saciedad": "alta",
          "tiempo": 10,
        },
        "p1": "Pasta integral (85g g seco) cocida al dente · Ternera magra (200g) · salsa de tomate casero",
        "p2": "Calabacín (250g) incorporada · 15ml AOVE · queso rallado al gusto",
        "recipe": [
          "Pasta integral: cocer al dente — 10 min.",
          "Mezcla ternera magra con tomate casero justo antes de saltear.",
          "Ternera magra: Cocina a fuego vivo 3-4 min por lado.",
          "Calabacín: a la plancha 4 min por lado, o al horno 20 min a 200°C.",
          "Sirve inmediatamente. Puedes preparar los ingredientes la noche anterior.",
        ],
        "shopping": [
          "Ternera magra (200g)",
          "Pasta integral (85g)",
          "Calabacín (250g)",
          "tomate casero (condimento)",
          "AOVE",
          "Sal y especias básicas",
        ],
        "slotNote": "🍗 Domingo familiar — el pollo de domingo nunca caduca.",
        "time": "Comida",
        "title": "Pasta integral al pomodoro con ternera magra",
      },
      {
        "_spec": {
          "C": null,
          "P": "huevo",
          "V": "calabaza",
          "V2": "zanahoria",
          "cookM": null,
          "density": "baja",
          "plateType": "sopa_crema",
          "saciante": true,
          "slot": "Cena",
          "tmpl": "sopa_crema",
        },
        "emoji": "🌙",
        "metadata": {
          "comfort": true,
          "facilidad": "alta",
          "familiar": true,
          "plateType": "sopa_crema",
          "proteinG": 18,
          "saciedad": "alta",
          "tiempo": 10,
        },
        "p1": "350g de calabaza y 190g zanahoria, caldo y cebolla · 15ml AOVE",
        "p2": "+ 3 ud Huevos a la plancha encima · sal y pimienta",
        "recipe": [
          "Huevos: Cocina a fuego vivo 3-4 min por lado.",
          "Sofríe cebolla picada con AOVE a fuego medio 5 min.",
          "Añade calabaza troceado y zanahoria y cubre con caldo.",
          "Cuece tapado a fuego suave 20 min.",
          "Tritura con batidora hasta textura suave. Ajusta de sal.",
          "Sirve la crema y coloca huevos a la plancha encima.",
          "Sirve inmediatamente. Puedes preparar los ingredientes la noche anterior.",
        ],
        "shopping": [
          "Huevos (3 ud)",
          "Calabaza (350g)",
          "Zanahoria (190g)",
          "AOVE",
          "Sal y especias básicas",
        ],
        "time": "Cena",
        "title": "Crema de calabaza y zanahoria · huevos encima",
      },
    ],
    "mood": "familiar",
    "name": "Domingo",
    "shakeEnabled": false,
    "special": null,
  },
]
`;
