// Vitest Snapshot v1, https://vitest.dev/guide/snapshot.html

exports[`buildPlan — golden snapshot (seeded) > produces stable result.days with seed 123456 1`] = `
[
  {
    "effectiveMood": "rutina",
    "meals": [
      {
        "_spec": {
          "recomposable": false,
        },
        "emoji": "🌅",
        "metadata": {
          "facilidad": "alta",
          "familiar": true,
          "tiempo": 8,
        },
        "p1": "Avena (55g) cocida con 180ml leche semidesnatada · 100g fresas · 20g nueces",
        "p2": "yogur griego 0% (125g) · canela · Café o té",
        "recipe": [
          "Calienta la leche a fuego medio.",
          "Añade la avena y remueve 5 min.",
          "Trocea las fresas, añádelas encima.",
          "Añade las nueces.",
          "Sirve con el yogur aparte y canela.",
        ],
        "shopping": [
          "Avena (55g)",
          "Leche o bebida vegetal (200ml)",
          "Fresas (100g)",
          "Nueces (20g)",
          "Yogur griego 0% (125g)",
          "Canela",
        ],
        "time": "Desayuno",
        "title": "Avena caliente con fresas y nueces",
      },
      {
        "_spec": {
          "C": "quinoa",
          "P": "pollo",
          "S": "limon_hierbas",
          "V": "tomate",
          "V2": "pepino",
          "cookM": "plancha",
          "density": "media",
          "facil": true,
          "familiar": false,
          "plateType": "ensalada",
          "slot": "Comida",
          "tmpl": "ensalada",
        },
        "emoji": "☀️",
        "metadata": {
          "comfort": false,
          "facilidad": "alta",
          "familiar": true,
          "plateType": "ensalada",
          "proteinG": 68,
          "saciedad": "media",
          "tiempo": 15,
        },
        "p1": "Pechuga de pollo (220g) a la plancha · Tomate cherry (190g) + Pepino (190g) · limón, orégano y ajo",
        "p2": "Quinoa (90g g seco) de base · 20ml AOVE + vinagre de Módena · sal",
        "recipe": [
          "Quinoa: cocer 2:1 agua — 15 min Enfriar antes de añadir a la ensalada..",
          "Aliña pechuga de pollo con limón, orégano y ajo antes de cocinar.",
          "Pechuga de pollo: Cocina a fuego vivo 3-4 min por lado.",
          "Tomate cherry: crudo, o confitado al horno 30 min a 160°C.",
          "Pepino: crudo en rodajas.",
          "Sirve inmediatamente. Puedes preparar los ingredientes la noche anterior.",
        ],
        "shopping": [
          "Pechuga de pollo (220g)",
          "Quinoa (90g)",
          "Tomate cherry (190g)",
          "Pepino (190g)",
          "limón, orégano (condimento)",
          "AOVE",
          "Sal y especias básicas",
        ],
        "slotNote": "⚖️ Lunes de rutina — empieza la semana ordenado.",
        "time": "Comida",
        "title": "Pechuga de pollo en ensalada con quinoa",
      },
      {
        "_spec": {
          "C": null,
          "P": "cerdo",
          "S": "ajillo",
          "V": "pimientos",
          "cookM": "horno",
          "density": "media",
          "plateType": "plancha_verdura",
          "saciante": false,
          "slot": "Cena",
          "tmpl": "caliente_clasico",
        },
        "emoji": "🌙",
        "metadata": {
          "comfort": false,
          "facilidad": "alta",
          "familiar": true,
          "plateType": "plancha_verdura",
          "proteinG": 44,
          "saciedad": "media",
          "tiempo": 10,
        },
        "p1": "Lomo de cerdo (200g) asado al horno, ajo, perejil y guindilla · 15ml de aceite de oliva virgen extra",
        "p2": "  · Pimientos (190g) asados al horno 25 min a 200°C, o salteados al wok 6 min",
        "recipe": [
          "Sazona lomo de cerdo con ajo, perejil y guindilla y deja reposar 5 min.",
          "Lomo de cerdo: Hornea a 200°C unos 20-25 min.",
          "Pimientos: asados al horno 25 min a 200°C, o salteados al wok 6 min.",
          "Sirve inmediatamente. Puedes preparar los ingredientes la noche anterior.",
        ],
        "shopping": [
          "Lomo de cerdo (200g)",
          "Pimientos (190g)",
          "ajo, perejil (condimento)",
          "AOVE",
          "Sal y especias básicas",
        ],
        "time": "Cena",
        "title": "Cerdo al horno con pimientos asados",
      },
    ],
    "mood": "rutina",
    "name": "Lunes",
    "shakeEnabled": false,
    "special": null,
  },
  {
    "effectiveMood": "ligero",
    "meals": [
      {
        "_spec": {
          "recomposable": false,
        },
        "emoji": "🌅",
        "metadata": {
          "facilidad": "media",
          "familiar": true,
          "tiempo": 10,
        },
        "p1": "1 rebanada pan integral (60g) tostada · ½ aguacate maduro chafado",
        "p2": "1 huevo poché · sal, pimienta y limón · Café",
        "recipe": [
          "Tuesta el pan.",
          "Chafa el aguacate con limón y sal.",
          "Para el huevo poché: hierve agua con un chorrito de vinagre, crea un remolino y cuece el huevo 3 min.",
          "Extiende el aguacate sobre la tostada.",
          "Coloca el huevo encima.",
        ],
        "shopping": [
          "Pan integral (60g)",
          "Aguacate (1 ud)",
          "Huevos (1 ud)",
          "Limón (½)",
          "Sal y pimienta",
        ],
        "time": "Desayuno",
        "title": "Tostada con aguacate y huevo poché",
      },
      {
        "_spec": {
          "C": "arroz",
          "P": "atun",
          "S": "vinagreta",
          "V": "pepino",
          "V2": "tomate",
          "cookM": "crudo",
          "density": "media",
          "facil": true,
          "familiar": true,
          "plateType": "bowl",
          "slot": "Comida",
          "tmpl": "bowl",
        },
        "emoji": "☀️",
        "metadata": {
          "comfort": false,
          "facilidad": "alta",
          "familiar": true,
          "plateType": "bowl",
          "proteinG": 41,
          "saciedad": "media",
          "tiempo": 18,
        },
        "p1": "Atún en conserva (150g) servido crudo con vinagre de Módena y mostaza",
        "p2": "Arroz blanco (80g g seco) de base · Pepino (190g) crudo en rodajas + Tomate cherry (190g) · 15ml AOVE",
        "recipe": [
          "Arroz blanco: cocer en agua con sal — 18 min.",
          "Aliña atún en conserva con vinagre de Módena y mostaza y deja macerar 10 min.",
          "Atún en conserva: Escurre y reserva.",
          "Pepino: crudo en rodajas.",
          "Tomate cherry: crudo, o confitado al horno 30 min a 160°C.",
          "Sirve inmediatamente. Puedes preparar el arroz blanco con antelación la noche anterior.",
        ],
        "shopping": [
          "Atún en conserva (150g)",
          "Arroz blanco (80g)",
          "Pepino (190g)",
          "Tomate cherry (190g)",
          "vinagre de Módena (condimento)",
          "AOVE",
          "Sal y especias básicas",
        ],
        "slotNote": "🐟 Martes de pescado — dos veces a la semana, como siempre.",
        "time": "Comida",
        "title": "Bowl proteico de atún en conserva con arroz blanco",
      },
      {
        "_spec": {
          "C": "arroz",
          "P": "pavo",
          "S": "curry_ligero",
          "V": "calabacin",
          "cookM": "salteado",
          "density": "media",
          "plateType": "caliente_arroz",
          "saciante": true,
          "slot": "Cena",
          "tmpl": "caliente_clasico",
        },
        "emoji": "🌙",
        "metadata": {
          "comfort": false,
          "facilidad": "alta",
          "familiar": true,
          "plateType": "caliente_arroz",
          "proteinG": 64,
          "saciedad": "alta",
          "tiempo": 18,
        },
        "p1": "Pechuga de pavo (220g) salteado con curry y cúrcuma · 15ml AOVE",
        "p2": "Arroz blanco (80g g seco) — cocer en agua con sal · Calabacín (250g) a la plancha 4 min por lado, o al horno 20 min a 200°C",
        "recipe": [
          "Arroz blanco: cocer en agua con sal — 18 min.",
          "Mezcla pechuga de pavo con curry y cúrcuma justo antes de saltear.",
          "Pechuga de pavo: Cocina a fuego vivo 3-4 min por lado.",
          "Calabacín: a la plancha 4 min por lado, o al horno 20 min a 200°C.",
          "Sirve inmediatamente. Puedes preparar el arroz blanco con antelación la noche anterior.",
        ],
        "shopping": [
          "Pechuga de pavo (220g)",
          "Arroz blanco (80g)",
          "Calabacín (250g)",
          "curry (condimento)",
          "AOVE",
          "Sal y especias básicas",
        ],
        "time": "Cena",
        "title": "Pavo al curry con calabacín",
      },
    ],
    "mood": "ligero",
    "name": "Martes",
    "shakeEnabled": false,
    "special": null,
  },
  {
    "effectiveMood": "fuerza",
    "meals": [
      {
        "_spec": {
          "recomposable": false,
        },
        "emoji": "🌅",
        "metadata": {
          "facilidad": "alta",
          "familiar": true,
          "tiempo": 3,
        },
        "p1": "55g muesli sin azúcar añadido · yogur griego 0% (125g) · 80g fruta fresca",
        "p2": "15g almendras o nueces · Café o té",
        "recipe": [
          "Vierte el muesli en un bol.",
          "Añade el yogur.",
          "Trocea la fruta y coloca encima.",
          "Añade los frutos secos.",
          "Deja reposar 1-2 min para que el muesli se ablande ligeramente.",
        ],
        "shopping": [
          "Muesli sin azúcar (55g)",
          "Yogur griego 0% (125g)",
          "Fruta fresca (80g)",
          "Almendras (15g)",
        ],
        "time": "Desayuno",
        "title": "Muesli con yogur y frutos secos",
      },
      {
        "_spec": {
          "C": "patata",
          "P": "conejo",
          "S": "ajillo",
          "V": "pimientos",
          "cookM": "horno",
          "density": "media",
          "facil": false,
          "familiar": true,
          "plateType": "caliente_patata",
          "slot": "Comida",
          "tmpl": "caliente_clasico",
        },
        "emoji": "☀️",
        "metadata": {
          "comfort": false,
          "facilidad": "media",
          "familiar": true,
          "plateType": "caliente_patata",
          "proteinG": 46,
          "saciedad": "media",
          "tiempo": 25,
        },
        "p1": "Conejo (220g) asado al horno, ajo, perejil y guindilla · un chorrito de AOVE (15ml)",
        "p2": "Patata (200g g) — cocer con piel 25 min en agua con sal · Pimientos (190g) asados al horno 25 min a 200°C, o salteados al wok 6 min",
        "recipe": [
          "Patata: cocer con piel 25 min en agua con sal — 25 min.",
          "Sazona conejo con ajo, perejil y guindilla y deja reposar 5 min.",
          "Conejo: Hornea a 200°C unos 20-25 min.",
          "Pimientos: asados al horno 25 min a 200°C, o salteados al wok 6 min.",
          "Sirve inmediatamente. Puedes preparar el patata con antelación la noche anterior.",
        ],
        "shopping": [
          "Conejo (220g)",
          "Patata (200g)",
          "Pimientos (190g)",
          "ajo, perejil (condimento)",
          "AOVE",
          "Sal y especias básicas",
        ],
        "slotNote": "✨ Día sorpresa — el plan se ha salido un poco del guión. Así la semana no se vuelve predecible.",
        "time": "Comida",
        "title": "Conejo al ajillo",
        "wildcard": true,
      },
      {
        "_spec": {
          "C": null,
          "P": "huevo",
          "S": "pimenton_ajo",
          "V": "calabacin",
          "cookM": "tortilla",
          "density": "media",
          "plateType": "huevo_plancha",
          "saciante": false,
          "slot": "Cena",
          "tmpl": "caliente_clasico",
        },
        "emoji": "🌙",
        "metadata": {
          "comfort": false,
          "facilidad": "alta",
          "familiar": true,
          "plateType": "huevo_plancha",
          "proteinG": 18,
          "saciedad": "alta",
          "tiempo": 10,
        },
        "p1": "3 ud Huevos en tortilla con pimentón ahumado y ajo · aliñado con 15ml de AOVE",
        "p2": "  · Calabacín (250g) a la plancha 4 min por lado, o al horno 20 min a 200°C",
        "recipe": [
          "Mezcla huevos con pimentón ahumado y ajo antes de cuajar.",
          "Huevos: Cuaja a fuego medio 3-4 min por lado.",
          "Calabacín: a la plancha 4 min por lado, o al horno 20 min a 200°C.",
          "Sirve inmediatamente. Puedes preparar los ingredientes la noche anterior.",
        ],
        "shopping": [
          "Huevos (3 ud)",
          "Calabacín (250g)",
          "pimentón ahumado (condimento)",
          "AOVE",
          "Sal y especias básicas",
        ],
        "time": "Cena",
        "title": "Tortilla de calabacín",
      },
    ],
    "mood": "fuerza",
    "name": "Miércoles",
    "shakeEnabled": false,
    "special": null,
  },
  {
    "effectiveMood": "fibra",
    "meals": [
      {
        "_spec": {
          "recomposable": false,
        },
        "emoji": "🌅",
        "metadata": {
          "facilidad": "alta",
          "familiar": true,
          "tiempo": 4,
        },
        "p1": "2 tostadas pan de centeno (60g) · 60g salmón ahumado",
        "p2": "30g queso crema light · alcaparras · eneldo · Café o té",
        "recipe": [
          "Tuesta el pan ligeramente.",
          "Extiende el queso crema.",
          "Coloca el salmón encima.",
          "Añade alcaparras y eneldo.",
          "Sirve inmediatamente.",
        ],
        "shopping": [
          "Pan de centeno (60g)",
          "Salmón ahumado (60g)",
          "Queso crema light (30g)",
          "Alcaparras",
          "Eneldo",
        ],
        "time": "Desayuno",
        "title": "Tostada con salmón ahumado y queso",
      },
      {
        "_spec": {
          "C": null,
          "P": "garbanzos",
          "S": "curry_ligero",
          "V": "brocoli",
          "cookM": "salteado",
          "density": "baja",
          "facil": true,
          "familiar": false,
          "plateType": "legumbre",
          "slot": "Comida",
          "tmpl": "legumbre",
        },
        "emoji": "☀️",
        "metadata": {
          "comfort": true,
          "facilidad": "media",
          "familiar": true,
          "plateType": "legumbre",
          "proteinG": 23,
          "saciedad": "alta",
          "tiempo": 10,
        },
        "p1": "Garbanzos (120g) con curry y cúrcuma · caldo de verduras",
        "p2": "Brócoli (250g) añadida · sal, comino · 15ml AOVE",
        "recipe": [
          "Garbanzos: cocer a fuego suave 30-35 min con caldo, laurel y sal. Incorporar sofrito de ajo, curry y cúrcuma y AOVE al final.",
          "Brócoli: al vapor 8 min o salteado.",
          "Sirve inmediatamente. Puedes preparar los ingredientes la noche anterior.",
        ],
        "shopping": [
          "Garbanzos (120g)",
          "Brócoli (250g)",
          "curry (condimento)",
          "AOVE",
          "Sal y especias básicas",
        ],
        "slotNote": "🫘 Jueves de legumbre — fibra y proteína vegetal.",
        "time": "Comida",
        "title": "Garbanzos al curry con brócoli",
      },
      {
        "_spec": {
          "C": null,
          "P": "gambas",
          "S": "limon_hierbas",
          "V": "lechuga",
          "V2": "tomate",
          "cookM": "plancha",
          "density": "baja",
          "plateType": "ensalada",
          "saciante": true,
          "slot": "Cena",
          "tmpl": "ensalada",
        },
        "emoji": "🌙",
        "metadata": {
          "comfort": false,
          "facilidad": "alta",
          "familiar": true,
          "plateType": "ensalada",
          "proteinG": 40,
          "saciedad": "media",
          "tiempo": 10,
        },
        "p1": "Gambas (220g) a la plancha · Lechuga mixta (125g) + Tomate cherry (190g) · limón, orégano y ajo",
        "p2": "Tomate cherry (190g) · 20ml AOVE + vinagre de Módena · sal",
        "recipe": [
          "Aliña gambas con limón, orégano y ajo antes de cocinar.",
          "Gambas: Cocina a fuego vivo 3-4 min por lado.",
          "Lechuga mixta: cruda con vinagreta.",
          "Tomate cherry: crudo, o confitado al horno 30 min a 160°C.",
          "Sirve inmediatamente. Puedes preparar los ingredientes la noche anterior.",
        ],
        "shopping": [
          "Gambas (220g)",
          "Lechuga mixta (125g)",
          "Tomate cherry (190g)",
          "limón, orégano (condimento)",
          "AOVE",
          "Sal y especias básicas",
        ],
        "time": "Cena",
        "title": "Gambas en ensalada",
      },
    ],
    "mood": "fibra",
    "name": "Jueves",
    "shakeEnabled": false,
    "special": null,
  },
  {
    "effectiveMood": "rapido",
    "meals": [
      {
        "_spec": {
          "recomposable": false,
        },
        "emoji": "🌅",
        "metadata": {
          "facilidad": "alta",
          "familiar": true,
          "tiempo": 6,
        },
        "p1": "3 huevos revueltos con pizca de sal y pimienta · ½ cda AOVE",
        "p2": "1 tostada pan integral (60g) · yogur griego 0% (125g) · 1 pieza fruta de temporada",
        "recipe": [
          "Bate los huevos con sal y pimienta.",
          "Calienta la sartén con AOVE a fuego medio.",
          "Añade los huevos y remueve despacio 2-3 min.",
          "Tuesta el pan.",
          "Sirve los huevos encima o al lado, con la fruta troceada.",
        ],
        "shopping": [
          "Huevos (3 ud)",
          "Pan integral (60g)",
          "Yogur griego 0% (125g)",
          "AOVE",
          "Fruta de temporada (1 ud)",
        ],
        "time": "Desayuno",
        "title": "Huevos revueltos con tostada y fruta",
      },
      {
        "_spec": {
          "C": "patata",
          "P": "cerdo",
          "S": "mostaza_miel",
          "V": "zanahoria",
          "cookM": "plancha",
          "density": "media",
          "facil": true,
          "familiar": true,
          "plateType": "caliente_patata",
          "slot": "Comida",
          "tmpl": "caliente_clasico",
        },
        "emoji": "☀️",
        "metadata": {
          "comfort": false,
          "facilidad": "media",
          "familiar": true,
          "plateType": "caliente_patata",
          "proteinG": 44,
          "saciedad": "media",
          "tiempo": 25,
        },
        "p1": "Lomo de cerdo (200g) a la plancha aliñado con mostaza y miel · 15ml AOVE",
        "p2": "Patata (200g g) — cocer con piel 25 min en agua con sal · Zanahoria (190g) rallada cruda, o al vapor 10 min",
        "recipe": [
          "Patata: cocer con piel 25 min en agua con sal — 25 min.",
          "Aliña lomo de cerdo con mostaza y miel antes de cocinar.",
          "Lomo de cerdo: Cocina a fuego vivo 3-4 min por lado.",
          "Zanahoria: rallada cruda, o al vapor 10 min.",
          "Sirve inmediatamente. Puedes preparar el patata con antelación la noche anterior.",
        ],
        "shopping": [
          "Lomo de cerdo (200g)",
          "Patata (200g)",
          "Zanahoria (190g)",
          "mostaza (condimento)",
          "AOVE",
          "Sal y especias básicas",
        ],
        "slotNote": "🍵 Viernes de sopa — terminas la semana sin sensación de pesadez.",
        "time": "Comida",
        "title": "Lomo de cerdo a la plancha con patatas",
      },
      {
        "_spec": {
          "C": null,
          "P": "pollo",
          "V": "puerro",
          "V2": "zanahoria",
          "cookM": "guisado",
          "density": "baja",
          "plateType": "sopa_crema",
          "saciante": true,
          "slot": "Cena",
          "tmpl": "sopa_crema",
        },
        "emoji": "🌙",
        "metadata": {
          "comfort": true,
          "facilidad": "alta",
          "familiar": true,
          "plateType": "sopa_crema",
          "proteinG": 68,
          "saciedad": "alta",
          "tiempo": 10,
        },
        "p1": "190g de puerro y 190g zanahoria, caldo y cebolla · 15ml AOVE",
        "p2": "+ Pechuga de pollo (220g) guisado encima · sal y pimienta",
        "recipe": [
          "Pechuga de pollo: Cuece a fuego suave 25-30 min con caldo.",
          "Sofríe cebolla picada con AOVE a fuego medio 5 min.",
          "Añade puerro troceado y zanahoria y cubre con caldo.",
          "Cuece tapado a fuego suave 20 min.",
          "Tritura con batidora hasta textura suave. Ajusta de sal.",
          "Sirve la crema y coloca pechuga de pollo guisado encima.",
          "Sirve inmediatamente. Puedes preparar los ingredientes la noche anterior.",
        ],
        "shopping": [
          "Pechuga de pollo (220g)",
          "Puerro (190g)",
          "Zanahoria (190g)",
          "AOVE",
          "Sal y especias básicas",
        ],
        "time": "Cena",
        "title": "Crema de puerro y zanahoria · pechuga de pollo encima",
      },
    ],
    "mood": "suave",
    "name": "Viernes",
    "shakeEnabled": false,
    "special": null,
  },
  {
    "effectiveMood": "libre",
    "meals": [
      {
        "_spec": {
          "recomposable": false,
        },
        "emoji": "🌅",
        "metadata": {
          "facilidad": "alta",
          "familiar": true,
          "tiempo": 5,
        },
        "p1": "2 rebanadas pan de centeno (60g) · tomate rallado (70g) · AOVE",
        "p2": "2 lonchas jamón serrano (40g) · yogur griego 0% (125g)",
        "recipe": [
          "Tuesta el pan.",
          "Ralla el tomate maduro encima.",
          "Añade AOVE y sal.",
          "Coloca el jamón.",
          "Sirve el yogur aparte.",
        ],
        "shopping": [
          "Pan de centeno (60g)",
          "Tomate maduro (1 ud)",
          "Jamón serrano (40g)",
          "Yogur griego 0% (125g)",
          "AOVE",
        ],
        "time": "Desayuno",
        "title": "Tostadas con tomate y jamón",
      },
      {
        "_spec": {
          "isFree": true,
          "recomposable": false,
        },
        "emoji": "🎉",
        "metadata": {
          "facilidad": "alta",
          "familiar": true,
          "tiempo": 0,
        },
        "p1": "Hoy comes lo que más te apetezca — es parte del plan, no una trampa.",
        "p2": "Intenta terminar cuando estés satisfecho, no lleno.",
        "recipe": [
          "Disfruta sin culpa.",
          "La flexibilidad integrada mejora la adherencia a largo plazo.",
          "Vuelves al plan mañana sin dramas.",
        ],
        "shopping": [
          "Lo que tú elijas hoy",
        ],
        "time": "Comida",
        "title": "Comida libre 🎉",
      },
      {
        "_spec": {
          "C": null,
          "P": "atun",
          "V": "tomate",
          "V2": "pimientos",
          "cookM": "crudo",
          "density": "baja",
          "plateType": "sopa_crema",
          "saciante": true,
          "slot": "Cena",
          "tmpl": "sopa_crema",
        },
        "emoji": "🌙",
        "metadata": {
          "comfort": true,
          "facilidad": "alta",
          "familiar": true,
          "plateType": "sopa_crema",
          "proteinG": 41,
          "saciedad": "alta",
          "tiempo": 10,
        },
        "p1": "190g de tomate cherry y 190g pimientos, caldo y cebolla · 15ml AOVE",
        "p2": "+ Atún en conserva (150g) en conserva encima · sal y pimienta",
        "recipe": [
          "Atún en conserva: Escurre y reserva.",
          "Sofríe cebolla picada con AOVE a fuego medio 5 min.",
          "Añade tomate cherry troceado y pimientos y cubre con caldo.",
          "Cuece tapado a fuego suave 20 min.",
          "Tritura con batidora hasta textura suave. Ajusta de sal.",
          "Sirve la crema y coloca atún en conserva en conserva encima.",
          "Sirve inmediatamente. Puedes preparar los ingredientes la noche anterior.",
        ],
        "shopping": [
          "Atún en conserva (150g)",
          "Tomate cherry (190g)",
          "Pimientos (190g)",
          "AOVE",
          "Sal y especias básicas",
        ],
        "time": "Cena",
        "title": "Crema de tomate cherry y pimientos · atún en conserva encima",
      },
    ],
    "mood": "libre",
    "name": "Sábado",
    "shakeEnabled": false,
    "special": "libre",
  },
  {
    "effectiveMood": "reconfortante",
    "meals": [
      {
        "_spec": {
          "recomposable": false,
        },
        "emoji": "🌅",
        "metadata": {
          "facilidad": "alta",
          "familiar": false,
          "tiempo": 5,
        },
        "p1": "150g yogur griego 0% (125g) · 2 cdas semillas de chía · 100g frutas del bosque",
        "p2": "1 cda miel · canela al gusto · Café o té",
        "recipe": [
          "Mezcla el yogur con las semillas de chía.",
          "Deja reposar 5 minutos (o prepara la noche anterior).",
          "Añade las frutas por encima.",
          "Aliña con miel y canela al gusto.",
        ],
        "shopping": [
          "Yogur griego 0% (150g)",
          "Semillas de chía (20g)",
          "Frutas del bosque (100g)",
          "Miel (1 cda)",
        ],
        "time": "Desayuno",
        "title": "Bol de chía con frutas del bosque",
      },
      {
        "_spec": {
          "C": null,
          "P": "huevo",
          "V": "tomate",
          "cookM": "crudo",
          "density": "baja",
          "facil": true,
          "familiar": true,
          "plateType": "sopa_crema",
          "slot": "Comida",
          "tmpl": "sopa_crema",
        },
        "emoji": "☀️",
        "metadata": {
          "comfort": true,
          "facilidad": "alta",
          "familiar": true,
          "plateType": "sopa_crema",
          "proteinG": 18,
          "saciedad": "alta",
          "tiempo": 10,
        },
        "p1": "190g de tomate cherry, caldo y cebolla · 15ml AOVE",
        "p2": "+ 3 ud Huevos en conserva encima · sal y pimienta",
        "recipe": [
          "Huevos: Escurre y reserva.",
          "Sofríe cebolla picada con AOVE a fuego medio 5 min.",
          "Añade tomate cherry troceado y cubre con caldo.",
          "Cuece tapado a fuego suave 20 min.",
          "Tritura con batidora hasta textura suave. Ajusta de sal.",
          "Sirve la crema y coloca huevos en conserva encima.",
          "Sirve inmediatamente. Puedes preparar los ingredientes la noche anterior.",
        ],
        "shopping": [
          "Huevos (3 ud)",
          "Tomate cherry (190g)",
          "AOVE",
          "Sal y especias básicas",
        ],
        "slotNote": "🍗 Domingo familiar — el pollo de domingo nunca caduca.",
        "time": "Comida",
        "title": "Crema de tomate cherry · huevos encima",
      },
      {
        "_spec": {
          "C": null,
          "P": "ternera",
          "S": "pimenton_ajo",
          "V": "berenjena",
          "cookM": "plancha",
          "density": "baja",
          "plateType": "plancha_verdura",
          "saciante": false,
          "slot": "Cena",
          "tmpl": "caliente_clasico",
        },
        "emoji": "🌙",
        "metadata": {
          "comfort": false,
          "facilidad": "media",
          "familiar": true,
          "plateType": "plancha_verdura",
          "proteinG": 52,
          "saciedad": "media",
          "tiempo": 10,
        },
        "p1": "Ternera magra (200g) a la plancha aliñado con pimentón ahumado y ajo · 15ml AOVE",
        "p2": "  · Berenjena (250g) a la plancha 4 min por lado, o al horno 25 min a 200°C",
        "recipe": [
          "Aliña ternera magra con pimentón ahumado y ajo antes de cocinar.",
          "Ternera magra: Cocina a fuego vivo 3-4 min por lado.",
          "Berenjena: a la plancha 4 min por lado, o al horno 25 min a 200°C.",
          "Sirve inmediatamente. Puedes preparar los ingredientes la noche anterior.",
        ],
        "shopping": [
          "Ternera magra (200g)",
          "Berenjena (250g)",
          "pimentón ahumado (condimento)",
          "AOVE",
          "Sal y especias básicas",
        ],
        "time": "Cena",
        "title": "Ternera magra a la plancha con pimentón con berenjena",
      },
    ],
    "mood": "familiar",
    "name": "Domingo",
    "shakeEnabled": false,
    "special": null,
  },
]
`;
